[2026-08-17T09:57:15.219] [DEBUG] debug-file - env: nodejsVersion=v18.20.1
[2026-08-17T09:57:20.903] [DEBUG] debug-file - Hvigor init with startParameters:{
  hvigorfileTypeCheck: false,
  parallelExecution: true,
  incrementalExecution: true,
  printStackTrace: true,
  daemon: false,
  analyze: 0,
  logLevel: Level { level: 20000, levelStr: 'INFO', colour: 'green' },
  optimizationStrategy: 'memory',
  hotCompile: undefined,
  hotReloadBuild: undefined,
  customizedParam: undefined
}
[2026-08-17T09:57:57.360] [DEBUG] debug-file - hvigorfile, require result:  { default: { system: [Function: appTasks], plugins: [] } }
[2026-08-17T09:57:57.363] [DEBUG] debug-file - Starting plugin build process
[2026-08-17T09:57:57.832] [DEBUG] debug-file - App plugin register hook start...
[2026-08-17T09:57:57.836] [DEBUG] debug-file - Start initialize project's product build option map with build mode debug.
[2026-08-17T09:57:57.857] [DEBUG] debug-file - Obtain build option for product 'default'in this build.
[2026-08-17T09:57:58.006] [DEBUG] debug-file - Start recording SDK configuration permission data.
[2026-08-17T09:57:58.116] [DEBUG] debug-file - Project task initialization takes 12 ms 
[2026-08-17T09:57:58.150] [DEBUG] debug-file - failed to load cangjie to dynamically generate schemas: Error: Cannot find module '@ohos/cangjie-build-support/index'
Require stack:
- C:\Users\chens\command-line-tools\hvigor\hvigor-ohos-plugin\src\plugin\hooks\cangjie-register.js
- C:\Users\chens\command-line-tools\hvigor\hvigor-ohos-plugin\src\plugin\strategy\stage-init-strategy.js
- C:\Users\chens\command-line-tools\hvigor\hvigor-ohos-plugin\src\plugin\builder\abstract-plugin-builder.js
- C:\Users\chens\command-line-tools\hvigor\hvigor-ohos-plugin\src\plugin\builder\app-plugin-builder.js
- C:\Users\chens\command-line-tools\hvigor\hvigor-ohos-plugin\src\plugin\factory\plugin-factory.js
- C:\Users\chens\command-line-tools\hvigor\hvigor-ohos-plugin\index.js
- C:\Users\chens\DevEcoStudioProjects\StudyOralCoach\hvigorfile.ts
- C:\Users\chens\command-line-tools\hvigor\hvigor\src\base\internal\lifecycle\configuration.js
- C:\Users\chens\command-line-tools\hvigor\hvigor\src\base\boot\index.js
- C:\Users\chens\command-line-tools\hvigor\hvigor\src\cli\main\cli.js
- C:\Users\chens\command-line-tools\hvigor\hvigor\bin\hvigor.js
[2026-08-17T09:57:58.185] [DEBUG] debug-file - Start initialize module-target build option map, moduleName=entry, buildMode=debug
[2026-08-17T09:57:58.205] [DEBUG] debug-file - project has submodules:entry
[2026-08-17T09:57:58.209] [DEBUG] debug-file - start to load updatedOhPackageInfo to the disk
[2026-08-17T09:57:58.301] [DEBUG] debug-file - Start to initialize dependency information.
[2026-08-17T09:57:58.319] [DEBUG] debug-file - entry : clean cost memory 0.13500213623046875
[2026-08-17T09:57:58.325] [DEBUG] debug-file - Since there is no instance or instance is terminated, create a new worker pool.
[2026-08-17T09:57:58.328] [DEBUG] debug-file - Create  resident worker with id: 0.
[2026-08-17T09:57:58.347] [DEBUG] debug-file - Executing task :entry:default@PreBuild
[2026-08-17T09:57:58.870] [DEBUG] debug-file - Executing task :entry:default@GenerateMetadata
[2026-08-17T09:57:58.920] [DEBUG] debug-file - Executing task :entry:default@PreCheckSyscap
[2026-08-17T09:57:58.908] [DEBUG] debug-file - Executing task :entry:default@CreateBuildProfile
[2026-08-17T09:57:58.972] [DEBUG] debug-file - Executing task :entry:default@ProcessIntegratedHsp
[2026-08-17T09:57:58.927] [DEBUG] debug-file - Executing task :entry:default@GeneratePkgContextInfo
[2026-08-17T09:57:58.981] [DEBUG] debug-file - Executing task :entry:default@BuildNativeWithCmake
[2026-08-17T09:57:58.988] [DEBUG] debug-file - Executing task :entry:default@MakePackInfo
[2026-08-17T09:57:59.010] [DEBUG] debug-file - Executing task :entry:default@SyscapTransform
[2026-08-17T09:57:59.055] [DEBUG] debug-file - default@SyscapTransform work[0] is submitted.
[2026-08-17T09:57:59.070] [DEBUG] debug-file - Executing task :entry:default@ProcessProfile
[2026-08-17T09:58:00.104] [DEBUG] debug-file - Executing task :entry:default@ProcessRouterMap
[2026-08-17T09:58:00.117] [DEBUG] debug-file - Executing task :entry:default@ProcessShareConfig
[2026-08-17T09:58:00.136] [DEBUG] debug-file - Executing task :entry:default@BuildNativeWithNinja
[2026-08-17T09:58:00.128] [DEBUG] debug-file - Executing task :entry:default@ProcessStartupConfig
[2026-08-17T09:58:00.163] [DEBUG] debug-file - Executing task :entry:default@ProcessResource
[2026-08-17T09:57:15.221] [DEBUG] debug-file - env: hvigor-config.json5 content = {
  modelVersion: '5.1.0',
  dependencies: {},
  execution: {},
  logging: {},
  debugging: {},
  nodeOptions: {}
}
[2026-08-17T09:58:00.179] [DEBUG] debug-file - Executing task :entry:default@GenerateLoaderJson
[2026-08-17T09:58:00.206] [DEBUG] debug-file - Executing task :entry:default@ProcessLibs
[2026-08-17T09:58:00.229] [DEBUG] debug-file - Executing task :entry:default@CompileResource
[2026-08-17T09:58:00.262] [DEBUG] debug-file - current process  memoryUsage: {
  rss: 325578752,
  heapTotal: 167464960,
  heapUsed: 134189696,
  external: 3071626,
  arrayBuffers: 159680
} os memoryUsage :13.237464904785156
[2026-08-17T09:57:20.904] [DEBUG] debug-file - Since current hvigor version 6.24.2 differs from last hvigor version 
      undefined, delete file-cache.json and task-cache.json.
[2026-08-17T09:57:57.361] [DEBUG] debug-file - hvigorfile, binding system plugins [Function: appTasks]
[2026-08-17T09:57:57.363] [DEBUG] debug-file - App plugin prepare start...
[2026-08-17T09:57:57.833] [DEBUG] debug-file - App plugin register hook end...
[2026-08-17T09:57:57.836] [DEBUG] debug-file - Picking option from product 'default' with build mode 'debug'.
[2026-08-17T09:57:57.906] [DEBUG] debug-file - No signingConfig found, initRemoteHspCache failed.
[2026-08-17T09:57:58.101] [DEBUG] debug-file - Sdk init in 180 ms 
[2026-08-17T09:57:58.116] [DEBUG] debug-file - hvigorfile, begin to bind custom plugins...
[2026-08-17T09:57:58.185] [DEBUG] debug-file - Target 'default' config initialized
[2026-08-17T09:57:58.215] [DEBUG] debug-file - load to the disk finished
[2026-08-17T09:57:58.306] [DEBUG] debug-file - Module entry Collected Dependency: 
[2026-08-17T09:57:58.320] [DEBUG] debug-file - runTaskFromQueue task cost before running: 37 s 431 ms 
[2026-08-17T09:57:58.325] [DEBUG] debug-file - Worker pool is initialized with config:  {
  minPoolNum: 2,
  maxPoolNum: undefined,
  maxCoreSize: undefined,
  cacheCapacity: undefined,
  cacheTtl: undefined
}
[2026-08-17T09:57:58.333] [DEBUG] debug-file - Create  resident worker with id: 1.
[2026-08-17T09:57:58.349] [WARN] debug-file - The project has not explicitly set the 'targetSdkVersion' version at build-profile.json5. It is recommended to configure it. Reference: https://developer.huawei.com/consumer/cn/doc/harmonyos-guides/ide-hvigor-build-profile-app#section45865492619
[2026-08-17T09:57:58.871] [DEBUG] debug-file - Task 'entry:default@GenerateMetadata' cost while wrapping incremental declarations: 2 ms 
[2026-08-17T09:57:58.921] [DEBUG] debug-file - entry : default@PreCheckSyscap cost memory 0.01662445068359375
[2026-08-17T09:57:58.910] [DEBUG] debug-file - Task 'entry:default@CreateBuildProfile' cost while wrapping incremental declarations: 2 ms 
[2026-08-17T09:57:58.974] [DEBUG] debug-file - entry : default@ProcessIntegratedHsp cost memory 0.0284881591796875
[2026-08-17T09:57:58.944] [DEBUG] debug-file - Task 'entry:default@GeneratePkgContextInfo' cost while wrapping incremental declarations: 1 ms 
[2026-08-17T09:57:58.982] [DEBUG] debug-file - entry : default@BuildNativeWithCmake cost memory 0.0139312744140625
[2026-08-17T09:57:58.998] [DEBUG] debug-file - Module Pack Info:  {
  summary: {
    app: { bundleName: 'c***h', bundleType: 'app', version: [Object] },
    modules: [ [Object] ]
  },
  packages: [
    {
      deviceType: [Array],
      moduleType: 'entry',
      deliveryWithInstall: true,
      name: 'entry-default'
    }
  ]
}
[2026-08-17T09:57:59.011] [DEBUG] debug-file - File: 'C:\Users\chens\DevEcoStudioProjects\StudyOralCoach\entry\src\main\syscap.json' from 'sysCapJsonPath' is not exists, just ignore.
[2026-08-17T09:57:59.057] [DEBUG] debug-file - default@SyscapTransform work[0] is pushed to ready queue.
[2026-08-17T09:57:59.073] [DEBUG] debug-file - Task 'entry:default@ProcessProfile' cost while wrapping incremental declarations: 1 ms 
[2026-08-17T09:58:00.112] [DEBUG] debug-file - entry : default@ProcessRouterMap cost memory 0.08930206298828125
[2026-08-17T09:58:00.123] [DEBUG] debug-file - entry : default@ProcessShareConfig cost memory 0.06884765625
[2026-08-17T09:58:00.139] [DEBUG] debug-file - entry : default@BuildNativeWithNinja cost memory 0.02681732177734375
[2026-08-17T09:58:00.129] [DEBUG] debug-file - Task 'entry:default@ProcessStartupConfig' cost while wrapping incremental declarations: 1 ms 
[2026-08-17T09:58:00.164] [DEBUG] debug-file - Task 'entry:default@ProcessResource' cost while wrapping incremental declarations: 1 ms 
[2026-08-17T09:57:15.224] [DEBUG] debug-file - env: daemon=false
[2026-08-17T09:58:00.180] [DEBUG] debug-file - Task 'entry:default@GenerateLoaderJson' cost while wrapping incremental declarations: 1 ms 
[2026-08-17T09:58:00.220] [DEBUG] debug-file - Worker dispatch failed, running processLibs on main thread.
[2026-08-17T09:58:00.254] [DEBUG] debug-file - Use tool [C:\Users\chens\setup-ohos-sdk\windows\20\toolchains\restool.exe]
 [
  'C:\\Users\\chens\\setup-ohos-sdk\\windows\\20\\toolchains\\restool.exe',
  '-l',
  'C:\\Users\\chens\\DevEcoStudioProjects\\StudyOralCoach\\entry\\build\\default\\intermediates\\res\\default\\resConfig.json'
]
[2026-08-17T09:57:20.905] [DEBUG] debug-file - Cache service initialization finished in 2 ms 
[2026-08-17T09:57:57.364] [DEBUG] debug-file - App plugin prepare end...
[2026-08-17T09:57:57.833] [DEBUG] debug-file - Plugin build process completed
[2026-08-17T09:57:57.837] [DEBUG] debug-file - Product 'default' build option initialized
[2026-08-17T09:57:58.116] [DEBUG] debug-file - hvigorfile, no custom plugins were found in C:\Users\chens\DevEcoStudioProjects\StudyOralCoach\hvigorfile.ts
[2026-08-17T09:57:58.188] [DEBUG] debug-file - Target 'ohosTest' config initialized
[2026-08-17T09:57:58.217] [DEBUG] debug-file - Start to initialize dependency information.
[2026-08-17T09:57:58.307] [DEBUG] debug-file - Module entry's total dependency: 0
[2026-08-17T09:57:58.321] [INFO] debug-file - Finished :entry:clean... after 3 ms 
[2026-08-17T09:57:58.376] [DEBUG] debug-file - Task 'entry:default@PreBuild' cost while wrapping incremental declarations: 1 ms 
[2026-08-17T09:57:58.879] [DEBUG] debug-file - entry : default@GenerateMetadata cost memory 0.0619659423828125
[2026-08-17T09:57:58.921] [DEBUG] debug-file - runTaskFromQueue task cost before running: 38 s 32 ms 
[2026-08-17T09:57:58.915] [DEBUG] debug-file - entry : default@CreateBuildProfile cost memory 0.06976318359375
[2026-08-17T09:57:58.974] [DEBUG] debug-file - runTaskFromQueue task cost before running: 38 s 85 ms 
[2026-08-17T09:57:58.945] [DEBUG] debug-file - entry : default@GeneratePkgContextInfo cost memory 0.1988677978515625
[2026-08-17T09:57:58.982] [DEBUG] debug-file - runTaskFromQueue task cost before running: 38 s 93 ms 
[2026-08-17T09:57:59.001] [DEBUG] debug-file - entry : default@MakePackInfo cost memory 0.1042938232421875
[2026-08-17T09:57:59.014] [DEBUG] debug-file - Task 'entry:default@SyscapTransform' cost while wrapping incremental declarations: 5 ms 
[2026-08-17T09:57:59.058] [DEBUG] debug-file - A work dispatched to worker[11] failed because unable to get work from ready queue.
[2026-08-17T09:57:59.078] [DEBUG] debug-file - [
  'C:\\Users\\chens\\command-line-tools\\tool\\node\\node.exe',
  'C:\\Users\\chens\\setup-ohos-sdk\\windows\\20\\ets\\build-tools\\ets-loader\\bin\\ark\\ts2abc.js',
  '--target-api-version',
  '20'
]
[2026-08-17T09:58:00.112] [DEBUG] debug-file - runTaskFromQueue task cost before running: 39 s 223 ms 
[2026-08-17T09:58:00.123] [DEBUG] debug-file - runTaskFromQueue task cost before running: 39 s 234 ms 
[2026-08-17T09:58:00.139] [DEBUG] debug-file - runTaskFromQueue task cost before running: 39 s 250 ms 
[2026-08-17T09:58:00.168] [DEBUG] debug-file - entry : default@ProcessResource cost memory 0.369873046875
[2026-08-17T09:58:00.131] [DEBUG] debug-file - entry : default@ProcessStartupConfig cost memory 0.0596771240234375
[2026-08-17T09:57:15.225] [DEBUG] debug-file - no-daemon, use the parent process.execArgv --max-old-space-size=8192,--max-semi-space-size=16,--expose-gc,--enable-source-maps
[2026-08-17T09:58:00.197] [DEBUG] debug-file - entry : default@GenerateLoaderJson cost memory 0.31079864501953125
[2026-08-17T09:58:00.223] [DEBUG] debug-file - entry : default@ProcessLibs cost memory 0.3141021728515625
[2026-08-17T09:57:20.908] [DEBUG] debug-file - hvigorfile, resolving C:\Users\chens\DevEcoStudioProjects\StudyOralCoach\hvigorfile.ts
[2026-08-17T09:57:57.364] [DEBUG] debug-file - App plugin creating...
[2026-08-17T09:57:57.837] [DEBUG] debug-file - End initialize project's product build option map with build mode 'debug'.
[2026-08-17T09:57:58.116] [DEBUG] debug-file - hvigorfile, resolve finished C:\Users\chens\DevEcoStudioProjects\StudyOralCoach\hvigorfile.ts
[2026-08-17T09:57:58.188] [DEBUG] debug-file - Module 'entry' target 'default' build option initialized
[2026-08-17T09:57:58.299] [DEBUG] debug-file - Module StudyOralCoach Collected Dependency: 
[2026-08-17T09:57:58.312] [DEBUG] debug-file - Configuration phase cost:37 s 407 ms 
[2026-08-17T09:57:58.838] [DEBUG] debug-file - current product is not Atomic service.
[2026-08-17T09:57:58.879] [DEBUG] debug-file - runTaskFromQueue task cost before running: 37 s 990 ms 
[2026-08-17T09:57:58.921] [INFO] debug-file - Finished :entry:default@PreCheckSyscap... after 1 ms 
[2026-08-17T09:57:58.915] [DEBUG] debug-file - runTaskFromQueue task cost before running: 38 s 26 ms 
[2026-08-17T09:57:58.974] [INFO] debug-file - Finished :entry:default@ProcessIntegratedHsp... after 2 ms 
[2026-08-17T09:57:58.945] [DEBUG] debug-file - runTaskFromQueue task cost before running: 38 s 56 ms 
[2026-08-17T09:57:58.983] [INFO] debug-file - Finished :entry:default@BuildNativeWithCmake... after 2 ms 
[2026-08-17T09:57:59.002] [DEBUG] debug-file - runTaskFromQueue task cost before running: 38 s 113 ms 
[2026-08-17T09:57:59.058] [DEBUG] debug-file - Create  resident worker with id: 10.
[2026-08-17T09:58:00.092] [DEBUG] debug-file - 13.0.1.0
[2026-08-17T09:58:00.113] [INFO] debug-file - Finished :entry:default@ProcessRouterMap... after 8 ms 
[2026-08-17T09:58:00.124] [INFO] debug-file - Finished :entry:default@ProcessShareConfig... after 6 ms 
[2026-08-17T09:58:00.139] [INFO] debug-file - Finished :entry:default@BuildNativeWithNinja... after 4 ms 
[2026-08-17T09:58:00.170] [DEBUG] debug-file - runTaskFromQueue task cost before running: 39 s 281 ms 
[2026-08-17T09:58:00.132] [DEBUG] debug-file - runTaskFromQueue task cost before running: 39 s 242 ms 
[2026-08-17T09:58:00.197] [DEBUG] debug-file - runTaskFromQueue task cost before running: 39 s 308 ms 
[2026-08-17T09:58:00.223] [DEBUG] debug-file - runTaskFromQueue task cost before running: 39 s 334 ms 
[2026-08-17T09:57:58.117] [DEBUG] debug-file - hvigorfile, resolving C:\Users\chens\DevEcoStudioProjects\StudyOralCoach\entry\hvigorfile.ts
[2026-08-17T09:57:58.188] [DEBUG] debug-file - Module 'entry' target 'ohosTest' build option initialized
[2026-08-17T09:57:58.299] [DEBUG] debug-file - Module StudyOralCoach's total dependency: 0
[2026-08-17T09:57:58.316] [DEBUG] debug-file - Configuration task cost before running: 37 s 427 ms 
[2026-08-17T09:57:58.854] [DEBUG] debug-file - Use tool [win32: JAVA_HOME, CLASSPATH]
 [
  { JAVA_HOME: 'C:\\Program Files\\Zulu\\zulu-24\\' },
  { CLASSPATH: undefined }
]
[2026-08-17T09:57:58.880] [INFO] debug-file - Finished :entry:default@GenerateMetadata... after 10 ms 
[2026-08-17T09:57:58.915] [INFO] debug-file - Finished :entry:default@CreateBuildProfile... after 7 ms 
[2026-08-17T09:57:58.946] [INFO] debug-file - Finished :entry:default@GeneratePkgContextInfo... after 18 ms 
[2026-08-17T09:57:59.003] [INFO] debug-file - Finished :entry:default@MakePackInfo... after 15 ms 
[2026-08-17T09:57:59.063] [DEBUG] debug-file - default@SyscapTransform work[0] has been dispatched to worker[10].
[2026-08-17T09:58:00.096] [DEBUG] debug-file - No need to add fake ui ability because of not in preview process.
[2026-08-17T09:58:00.142] [DEBUG] debug-file - restool module names: entry; moduleName=entry, taskName=default@ProcessResource
[2026-08-17T09:58:00.171] [INFO] debug-file - Finished :entry:default@ProcessResource... after 24 ms 
[2026-08-17T09:58:00.132] [INFO] debug-file - Finished :entry:default@ProcessStartupConfig... after 4 ms 
[2026-08-17T09:58:00.203] [INFO] debug-file - Finished :entry:default@GenerateLoaderJson... after 19 ms 
[2026-08-17T09:58:00.225] [INFO] debug-file - Finished :entry:default@ProcessLibs... after 18 ms 
[2026-08-17T09:57:58.147] [DEBUG] debug-file - hvigorfile, require result:  { default: { system: [Function: hapTasks], plugins: [] } }
[2026-08-17T09:57:58.189] [DEBUG] debug-file - End initialize module-target build option map, moduleName=entry
[2026-08-17T09:57:58.317] [DEBUG] debug-file - Executing task :entry:clean
[2026-08-17T09:57:58.855] [DEBUG] debug-file - Use tool [win32: NODE_HOME]
 [ { NODE_HOME: undefined } ]
[2026-08-17T09:57:58.883] [DEBUG] debug-file - Executing task :entry:default@ConfigureCmake
[2026-08-17T09:57:58.949] [DEBUG] debug-file - Executing task :entry:default@GeneratePkgSdkInfo
[2026-08-17T09:57:59.063] [DEBUG] debug-file - default@SyscapTransform work[0] is dispatched.
[2026-08-17T09:58:00.098] [DEBUG] debug-file - entry : default@ProcessProfile cost memory 2.013458251953125
[2026-08-17T09:58:00.227] [DEBUG] debug-file - restool module names: entry; moduleName=entry, taskName=default@CompileResource
[2026-08-17T09:57:58.147] [DEBUG] debug-file - hvigorfile, binding system plugins [Function: hapTasks]
[2026-08-17T09:57:58.189] [DEBUG] debug-file - Start initialize module-target build option map, moduleName=entry, buildMode=release
[2026-08-17T09:57:58.317] [DEBUG] debug-file - clean: Worker pool is inactive.
[2026-08-17T09:57:58.857] [DEBUG] debug-file - entry : default@PreBuild cost memory 7.632499694824219
[2026-08-17T09:57:58.883] [DEBUG] debug-file - entry : default@ConfigureCmake cost memory 0.01207733154296875
[2026-08-17T09:57:58.956] [DEBUG] debug-file - Task 'entry:default@GeneratePkgSdkInfo' cost while wrapping incremental declarations: 1 ms 
[2026-08-17T09:57:59.064] [DEBUG] debug-file - entry : default@SyscapTransform cost memory 0.693695068359375
[2026-08-17T09:58:00.099] [DEBUG] debug-file - runTaskFromQueue task cost before running: 39 s 210 ms 
[2026-08-17T09:57:58.148] [DEBUG] debug-file - Starting plugin build process
[2026-08-17T09:57:58.189] [DEBUG] debug-file - Target 'default' config initialized
[2026-08-17T09:57:58.857] [DEBUG] debug-file - runTaskFromQueue task cost before running: 37 s 968 ms 
[2026-08-17T09:57:58.884] [DEBUG] debug-file - runTaskFromQueue task cost before running: 37 s 995 ms 
[2026-08-17T09:57:58.958] [DEBUG] debug-file - entry : default@GeneratePkgSdkInfo cost memory 0.144439697265625
[2026-08-17T09:58:00.099] [INFO] debug-file - Finished :entry:default@ProcessProfile... after 1 s 29 ms 
[2026-08-17T09:57:58.148] [DEBUG] debug-file - Hap plugin creating...
[2026-08-17T09:57:58.190] [DEBUG] debug-file - Target 'ohosTest' config initialized
[2026-08-17T09:57:58.862] [INFO] debug-file - Finished :entry:default@PreBuild... after 510 ms 
[2026-08-17T09:57:58.884] [INFO] debug-file - Finished :entry:default@ConfigureCmake... after 1 ms 
[2026-08-17T09:57:58.958] [DEBUG] debug-file - runTaskFromQueue task cost before running: 38 s 69 ms 
[2026-08-17T09:57:58.191] [DEBUG] debug-file - Module 'entry' target 'default' build option initialized
[2026-08-17T09:57:58.864] [DEBUG] debug-file - Executing task :entry:default@CreateModuleInfo
[2026-08-17T09:57:58.888] [DEBUG] debug-file - Executing task :entry:default@MergeProfile
[2026-08-17T09:57:58.959] [INFO] debug-file - Finished :entry:default@GeneratePkgSdkInfo... after 10 ms 
[2026-08-17T09:57:58.191] [DEBUG] debug-file - Module 'entry' target 'ohosTest' build option initialized
[2026-08-17T09:57:58.865] [DEBUG] debug-file - Task 'entry:default@CreateModuleInfo' cost while wrapping incremental declarations: 1 ms 
[2026-08-17T09:57:58.889] [DEBUG] debug-file - Task 'entry:default@MergeProfile' cost while wrapping incremental declarations: 1 ms 
[2026-08-17T09:57:58.191] [DEBUG] debug-file - End initialize module-target build option map, moduleName=entry
[2026-08-17T09:57:58.866] [DEBUG] debug-file - entry : default@CreateModuleInfo cost memory 0.037689208984375
[2026-08-17T09:57:58.892] [DEBUG] debug-file - Change app api release type with 'Beta1'
[2026-08-17T09:57:58.191] [DEBUG] debug-file - Start initialize module-target build option map, moduleName=entry, buildMode=debug
[2026-08-17T09:57:58.866] [DEBUG] debug-file - runTaskFromQueue task cost before running: 37 s 977 ms 
[2026-08-17T09:57:58.893] [DEBUG] debug-file - Change app compile API version with '6.0.0.47'
[2026-08-17T09:57:58.191] [DEBUG] debug-file - Target 'default' config initialized
[2026-08-17T09:57:58.866] [INFO] debug-file - Finished :entry:default@CreateModuleInfo... after 2 ms 
[2026-08-17T09:57:58.893] [DEBUG] debug-file - Change app target API version with '20'
[2026-08-17T09:57:58.191] [DEBUG] debug-file - Target 'ohosTest' config initialized
[2026-08-17T09:57:58.893] [DEBUG] debug-file - Change app minimum API version with '20'
[2026-08-17T09:57:58.192] [DEBUG] debug-file - Module 'entry' target 'default' build option initialized
[2026-08-17T09:57:58.893] [DEBUG] debug-file - Use cli appEnvironment
[2026-08-17T09:57:58.192] [DEBUG] debug-file - Module 'entry' target 'ohosTest' build option initialized
[2026-08-17T09:57:58.899] [DEBUG] debug-file - entry : default@MergeProfile cost memory 0.29540252685546875
[2026-08-17T09:57:58.192] [DEBUG] debug-file - End initialize module-target build option map, moduleName=entry
[2026-08-17T09:57:58.899] [DEBUG] debug-file - runTaskFromQueue task cost before running: 38 s 10 ms 
[2026-08-17T09:57:58.193] [DEBUG] debug-file - Obtain build option for module 'entry' target 'default'in this build.
[2026-08-17T09:57:58.900] [INFO] debug-file - Finished :entry:default@MergeProfile... after 12 ms 
[2026-08-17T09:57:58.203] [DEBUG] debug-file - Module entry task initialization takes 9 ms 
[2026-08-17T09:57:58.203] [DEBUG] debug-file - Hap plugin register hook start...
[2026-08-17T09:57:58.203] [DEBUG] debug-file - Hap plugin register hook end...
[2026-08-17T09:57:58.203] [DEBUG] debug-file - Plugin build process completed
[2026-08-17T09:57:58.203] [DEBUG] debug-file - hvigorfile, begin to bind custom plugins...
[2026-08-17T09:57:58.203] [DEBUG] debug-file - hvigorfile, no custom plugins were found in C:\Users\chens\DevEcoStudioProjects\StudyOralCoach\entry\hvigorfile.ts
[2026-08-17T09:57:58.203] [DEBUG] debug-file - hvigorfile, resolve finished C:\Users\chens\DevEcoStudioProjects\StudyOralCoach\entry\hvigorfile.ts
[2026-08-17T09:58:00.605] [DEBUG] debug-file - Info: Pack: normal pack mode

[2026-08-17T09:58:00.606] [DEBUG] debug-file - Warning: 'extensionPath' value cannot be empty.
at C:\Users\chens\DevEcoStudioProjects\StudyOralCoach\entry\build\default\intermediates\res\default\opt-compression.json

[2026-08-17T09:58:00.718] [DEBUG] debug-file - Info: hardware concurrency count is : 12
Info: thread count is : 12

[2026-08-17T09:58:00.718] [DEBUG] debug-file - Info: thread pool is started

[2026-08-17T09:58:00.735] [DEBUG] debug-file - Info: GenericCompiler::CompileFiles

[2026-08-17T09:58:00.819] [DEBUG] debug-file - Info: GenericCompiler::CompileFiles

[2026-08-17T09:58:00.819] [DEBUG] debug-file - Warning: 'C:\Users\chens\DevEcoStudioProjects\StudyOralCoach\entry\src\main\resources\base\media\background.png' is defined repeatedly.
Warning: 'C:\Users\chens\DevEcoStudioProjects\StudyOralCoach\entry\src\main\resources\base\media\foreground.png' is defined repeatedly.
Warning: 'C:\Users\chens\DevEcoStudioProjects\StudyOralCoach\entry\src\main\resources\base\media\layered_image.json' is defined repeatedly.

[2026-08-17T09:58:00.821] [DEBUG] debug-file - Info: GenericCompiler::CompileFiles

[2026-08-17T09:58:00.857] [DEBUG] debug-file - Warning: don't support header file format 'C:\Users\chens\DevEcoStudioProjects\StudyOralCoach\entry\build\default\generated\r\default\ResourceTable.ts'

[2026-08-17T09:58:00.859] [DEBUG] debug-file - Info: scale icon is not enable.

[2026-08-17T09:58:00.876] [DEBUG] debug-file - Warning: The width or height of the png file referenced by the icon exceeds the limit (41 pixels)
at C:\Users\chens\DevEcoStudioProjects\StudyOralCoach\AppScope\resources\base\media\background.png

[2026-08-17T09:58:00.892] [DEBUG] debug-file - Warning: The width or height of the png file referenced by the icon exceeds the limit (41 pixels)
at C:\Users\chens\DevEcoStudioProjects\StudyOralCoach\AppScope\resources\base\media\foreground.png

[2026-08-17T09:58:00.892] [DEBUG] debug-file - Warning: C:\Users\chens\DevEcoStudioProjects\StudyOralCoach\AppScope\resources\base\media\layered_image.json is not png format

[2026-08-17T09:58:00.908] [DEBUG] debug-file - Info: restool resources compile success.

[2026-08-17T09:58:00.909] [DEBUG] debug-file - Info: thread pool is stopped

[2026-08-17T09:58:00.918] [DEBUG] debug-file - entry : default@CompileResource cost memory -25.038497924804688
[2026-08-17T09:58:00.918] [DEBUG] debug-file - runTaskFromQueue task cost before running: 40 s 30 ms 
[2026-08-17T09:58:00.925] [DEBUG] debug-file - Executing task :entry:default@DoNativeStrip
[2026-08-17T09:58:00.921] [INFO] debug-file - Finished :entry:default@CompileResource... after 690 ms 
[2026-08-17T09:58:00.926] [DEBUG] debug-file - File: 'C:\Users\chens\DevEcoStudioProjects\StudyOralCoach\entry\build\default\intermediates\binxo\default' from 'doBinxoNativeLibs' is not exists, just ignore.
[2026-08-17T09:58:00.926] [DEBUG] debug-file - Task 'entry:default@DoNativeStrip' cost while wrapping incremental declarations: 1 ms 
[2026-08-17T09:58:00.933] [DEBUG] debug-file - entry : default@DoNativeStrip cost memory 0.08463287353515625
[2026-08-17T09:58:00.933] [DEBUG] debug-file - runTaskFromQueue task cost before running: 40 s 44 ms 
[2026-08-17T09:58:00.939] [DEBUG] debug-file - Executing task :entry:default@CompileArkTS
[2026-08-17T09:58:00.933] [INFO] debug-file - Finished :entry:default@DoNativeStrip... after 8 ms 
[2026-08-17T09:58:00.940] [DEBUG] debug-file - obfuscationOptions: undefined
[2026-08-17T09:58:00.987] [DEBUG] debug-file - Executing task :entry:default@BuildJS
[2026-08-17T09:58:00.999] [DEBUG] debug-file - Executing task :entry:default@CacheNativeLibs
[2026-08-17T09:58:00.942] [DEBUG] debug-file - Task 'entry:default@CompileArkTS' cost while wrapping incremental declarations: 1 ms 
[2026-08-17T09:58:00.988] [DEBUG] debug-file - Task 'entry:default@BuildJS' cost while wrapping incremental declarations: 1 ms 
[2026-08-17T09:58:00.999] [DEBUG] debug-file - File: 'C:\Users\chens\DevEcoStudioProjects\StudyOralCoach\entry\build\default\intermediates\binxo\default' from 'cacheBinxoNativeLibs' is not exists, just ignore.
[2026-08-17T09:58:00.978] [DEBUG] debug-file - build config:
[2026-08-17T09:58:00.994] [DEBUG] debug-file - entry : default@BuildJS cost memory 0.15561676025390625
[2026-08-17T09:58:01.000] [DEBUG] debug-file - Task 'entry:default@CacheNativeLibs' cost while wrapping incremental declarations: 1 ms 
[2026-08-17T09:58:00.978] [DEBUG] debug-file - {
  moduleType: 'entry',
  perf: 0,
  targetName: '.default',
  packageManagerType: 'ohpm',
  localPropertiesPath: 'C:\\Users\\chens\\DevEcoStudioProjects\\StudyOralCoach\\local.properties',
  isPreview: false,
  isOhosTest: false,
  isLocalTest: false,
  buildMode: 'Debug',
  hotReloadBuild: undefined,
  watchMode: 'false',
  aceProfilePath: 'C:\\Users\\chens\\DevEcoStudioProjects\\StudyOralCoach\\entry\\build\\default\\intermediates\\res\\default\\resources\\base\\profile',
  etsLoaderPath: 'C:\\Users\\chens\\setup-ohos-sdk\\windows\\20\\ets\\build-tools\\ets-loader',
  modulePath: 'C:\\Users\\chens\\DevEcoStudioProjects\\StudyOralCoach\\entry',
  testFrameworkPar: {
    testMode: undefined,
    coveragePathFilter: undefined,
    coverageMode: undefined
  },
  needCoverageInsert: false,
  debugLine: false,
  projectTopDir: 'C:\\Users\\chens\\DevEcoStudioProjects\\StudyOralCoach',
  compileSdkVersion: 20,
  compatibleSdkVersion: 20,
  originCompatibleSdkVersion: 20,
  compatibleSdkVersionStage: undefined,
  bundleName: 'c***h',
  etsLoaderVersion: '6.0.0.47',
  etsLoaderReleaseType: 'Beta1',
  aotCompileMode: 'type',
  apPath: 'C:\\Users\\chens\\DevEcoStudioProjects\\StudyOralCoach\\entry\\modules.ap',
  entryModuleName: 'entry',
  entryModuleVersion: '1.0.0',
  entryPackageName: 'entry',
  allModuleNameHash: '082295aa9b8a44face08977fe3a0f8e04635c86f743225b8fc624a6a7451a248',
  externalApiPaths: [],
  compilerTypes: [],
  isCrossplatform: false,
  hvigorPluginFile: undefined,
  compilePluginPath: undefined,
  buildGeneratedProfilePath: 'C:\\Users\\chens\\DevEcoStudioProjects\\StudyOralCoach\\entry\\build\\default\\generated\\profile\\default',
  bundleType: 'app',
  arkTSVersion: undefined,
  apiVersion: 20,
  needCompleteSourcesMap: false,
  isFaMode: false,
  buildDir: 'C:\\Users\\chens\\DevEcoStudioProjects\\StudyOralCoach\\entry\\build',
  deviceTypes: [ 'default' ],
  pkgContextInfo: undefined,
  ohPackagePathMap: {},
  dependencyAliasMap: {},
  permission: { requestPermissions: undefined, definePermissions: undefined },
  useGetCurrentBundleName: false,
  projectArkOption: undefined,
  sourceMapDir: undefined,
  branchElimination: false,
  transformLib: undefined,
  tsImportSendable: false,
  resolveConflictMode: true,
  depName2RootPath: {},
  depName2DepInfo: {},
  depName2OhExports: {},
  rootPathSet: [ 'C:\\Users\\chens\\DevEcoStudioProjects\\StudyOralCoach' ],
  useNativeResolver: true,
  shouldEmitJs: true,
  useTscResolve: false,
  singleFileEmit: false,
  userProjectConfig: {
    autoLazyImport: false,
    allowEmptyBundleName: false,
    reExportCheckMode: 'noCheck',
    executionMode: 'memory',
    usePathPlaceholder: false,
    writeRollupCache: true,
    isExpandImportEnabled: false,
    expandImportExclude: '',
    lazyImportExclude: '',
    lazyImportInclude: '',
    ignoreCrossplatformCheck: false,
    isHarDeduplicateEnabled: false,
    skipOhModulesLint: false,
    enableStrictCheckOHModule: false,
    disableSendableCheckRules: [],
    useDeclarationFileSignature: false,
    customizedOptions: undefined,
    integratedHsp: false,
    isPreloadSoEnabled: false
  },
  executionMode: 'memory',
  arkCompileCachePath: 'C:\\Users\\chens\\DevEcoStudioProjects\\StudyOralCoach\\entry\\build\\default\\cache\\default\\default@CompileArkTS\\esmodule',
  autoLazyFilter: undefined,
  isHarDeduplicateEnabled: false,
  intermediateHarDuplicateDirPath: 'C:\\Users\\chens\\DevEcoStudioProjects\\StudyOralCoach\\entry\\build\\default\\intermediates\\har_duplicate\\default',
  autoLazyImport: false,
  allowEmptyBundleName: false,
  reExportCheckMode: 'noCheck',
  usePathPlaceholder: false,
  writeRollupCache: true,
  isExpandImportEnabled: false,
  expandImportExclude: '',
  lazyImportExclude: '',
  lazyImportInclude: '',
  ignoreCrossplatformCheck: false,
  skipOhModulesLint: false,
  enableStrictCheckOHModule: false,
  disableSendableCheckRules: [],
  useDeclarationFileSignature: false,
  customizedOptions: undefined,
  integratedHsp: false,
  isPreloadSoEnabled: false,
  strictMode: undefined,
  useNormalizedOHMUrl: false,
  caseSensitiveCheck: false,
  strictCheckerOnly: false,
  aceModuleJsonPath: 'C:\\Users\\chens\\DevEcoStudioProjects\\StudyOralCoach\\entry\\build\\default\\intermediates\\res\\default\\ark_module.json',
  appResource: 'C:\\Users\\chens\\DevEcoStudioProjects\\StudyOralCoach\\entry\\build\\default\\intermediates\\res\\default\\ResourceTable.txt',
  rawFileResource: 'C:\\Users\\chens\\DevEcoStudioProjects\\StudyOralCoach\\entry\\build\\default\\intermediates\\res\\default\\resources\\rawfile',
  resourceTableHash: 'd81a83941c07883d4327563ba2cfe0ac7f68042912820a1577b99d29cbd144cc',
  runtimeOS: 'OpenHarmony',
  sdkInfo: 'true:20:6.0.0.47:Beta1',
  aceModuleRoot: 'C:\\Users\\chens\\DevEcoStudioProjects\\StudyOralCoach\\entry\\src\\main\\ets',
  compileMode: 'esmodule',
  aceSuperVisualPath: 'C:\\Users\\chens\\DevEcoStudioProjects\\StudyOralCoach\\entry\\src\\main\\supervisual',
  aceBuildJson: 'C:\\Users\\chens\\DevEcoStudioProjects\\StudyOralCoach\\entry\\build\\default\\intermediates\\loader\\default\\loader.json',
  cachePath: 'C:\\Users\\chens\\DevEcoStudioProjects\\StudyOralCoach\\entry\\build\\default\\cache\\default\\default@CompileArkTS\\esmodule\\debug',
  aceModuleBuild: 'C:\\Users\\chens\\DevEcoStudioProjects\\StudyOralCoach\\entry\\build\\default\\intermediates\\loader_out\\default\\ets',
  supportChunks: true,
  declaredFilesPath: undefined,
  shouldCollectDirectImportees: false,
  isByteCodeHarOptimize: false,
  expandImportPath: undefined,
  resourceTableTs: 'C:\\Users\\chens\\DevEcoStudioProjects\\StudyOralCoach\\entry\\build\\default\\generated\\r\\default\\ResourceTable.ts',
  moduleMetaInfoFiles: [
    {
      filePath: 'C:\\Users\\chens\\DevEcoStudioProjects\\StudyOralCoach\\entry\\build\\default\\generated\\r\\default\\ResourceTable.ts',
      ohmurl: 'com.example.studyoralcoach/entry/build/generated/r/ResourceTable'
    }
  ],
  pkgNameToPkgBriefInfo: {
    entry: {
      pkgRoot: 'C:\\Users\\chens\\DevEcoStudioProjects\\StudyOralCoach\\entry',
      originalSourceRoots: undefined,
      sourceRoots: [Array],
      pkgName: 'entry'
    }
  },
  projectModel: {
    'C:\\Users\\chens\\DevEcoStudioProjects\\StudyOralCoach\\entry\\src\\main': {
      moduleName: 'entry',
      modulePkgPath: 'C:\\Users\\chens\\DevEcoStudioProjects\\StudyOralCoach\\entry',
      belongProjectPath: 'C:\\Users\\chens\\DevEcoStudioProjects\\StudyOralCoach'
    },
    'C:\\Users\\chens\\DevEcoStudioProjects\\StudyOralCoach\\entry\\.test\\default\\intermediates\\src\\ohosTest\\ets': {
      moduleName: 'entry_test',
      modulePkgPath: 'C:\\Users\\chens\\DevEcoStudioProjects\\StudyOralCoach\\entry',
      belongProjectPath: 'C:\\Users\\chens\\DevEcoStudioProjects\\StudyOralCoach'
    },
    'C:\\Users\\chens\\DevEcoStudioProjects\\StudyOralCoach\\entry\\src\\ohosTest': {
      moduleName: 'entry_test',
      modulePkgPath: 'C:\\Users\\chens\\DevEcoStudioProjects\\StudyOralCoach\\entry',
      belongProjectPath: 'C:\\Users\\chens\\DevEcoStudioProjects\\StudyOralCoach'
    },
    'C:\\Users\\chens\\DevEcoStudioProjects\\StudyOralCoach\\entry': {
      moduleName: 'entry',
      modulePkgPath: 'C:\\Users\\chens\\DevEcoStudioProjects\\StudyOralCoach\\entry',
      belongProjectPath: 'C:\\Users\\chens\\DevEcoStudioProjects\\StudyOralCoach'
    },
    'C:\\Users\\chens\\DevEcoStudioProjects\\StudyOralCoach': {
      moduleName: 'StudyOralCoach',
      modulePkgPath: 'C:\\Users\\chens\\DevEcoStudioProjects\\StudyOralCoach',
      belongProjectPath: 'C:\\Users\\chens\\DevEcoStudioProjects\\StudyOralCoach'
    }
  },
  pkgJsonFileHash: '00b9f6d9620e87cc421b0dea07afa8480c0c8f62f5db4e67d6091dc627f9a633',
  allModulePaths: [ 'C:\\Users\\chens\\DevEcoStudioProjects\\StudyOralCoach\\entry' ],
  routerMap: {},
  obfuscationOptions: undefined,
  byteCodeHarToDependencyKeys: undefined,
  compileBlockPkg: [],
  mockParams: {
    decorator: '@MockSetup',
    packageName: '@ohos/hamock',
    etsSourceRootPath: 'src/main/ets',
    mockConfigPath: 'C:\\Users\\chens\\DevEcoStudioProjects\\StudyOralCoach\\entry\\src\\mock\\mock-config.json5',
    mockConfigKey2ModuleInfo: {},
    source2ModuleIdMap: {}
  },
  copyCodeResourceEnable: false,
  copyCodeResourceExcludes: [],
  copyCodeResourceIncludes: undefined,
  uiTransformOptimization: false,
  sdkPath: 'C:/Users/chens/setup-ohos-sdk/windows',
  needPreloadSoFileSet: {},
  preloadSoFilePath: 'C:\\Users\\chens\\DevEcoStudioProjects\\StudyOralCoach\\entry\\build\\default\\intermediates\\preload\\default\\preload.json',
  useSourceHash: false,
  localModuleParamMap: {},
  otherPaths: {
    'entry/*': [
      '..\\*',
      '..\\..\\..\\build\\default\\generated\\profile\\default\\*'
    ]
  },
  collectImportersConfig: undefined
}
[2026-08-17T09:58:00.994] [DEBUG] debug-file - runTaskFromQueue task cost before running: 40 s 105 ms 
[2026-08-17T09:58:01.001] [DEBUG] debug-file - default@CacheNativeLibs work[2] is submitted.
[2026-08-17T09:58:00.982] [DEBUG] debug-file - default@CompileArkTS work[1] is submitted.
[2026-08-17T09:58:00.994] [INFO] debug-file - Finished :entry:default@BuildJS... after 7 ms 
[2026-08-17T09:58:01.001] [DEBUG] debug-file - default@CacheNativeLibs work[2] is pushed to ready queue.
[2026-08-17T09:58:00.982] [DEBUG] debug-file - default@CompileArkTS work[1] is pushed to ready queue.
[2026-08-17T09:58:01.001] [DEBUG] debug-file - A work dispatched to worker[11] failed because unable to get work from ready queue.
[2026-08-17T09:58:00.982] [DEBUG] debug-file - A work dispatched to worker[11] failed because unable to get work from ready queue.
[2026-08-17T09:58:01.001] [DEBUG] debug-file - A work dispatched to worker[10] failed because of worker busy.
[2026-08-17T09:58:00.982] [DEBUG] debug-file - A work dispatched to worker[10] failed because of worker busy.
[2026-08-17T09:58:01.001] [DEBUG] debug-file - Create  resident worker with id: 9.
[2026-08-17T09:58:00.982] [DEBUG] debug-file - A work dispatched to worker[9] failed because unable to get work from ready queue.
[2026-08-17T09:58:01.003] [DEBUG] debug-file - default@CacheNativeLibs work[2] has been dispatched to worker[9].
[2026-08-17T09:58:00.982] [DEBUG] debug-file - A work dispatched to worker[8] failed because unable to get work from ready queue.
[2026-08-17T09:58:01.004] [DEBUG] debug-file - default@CacheNativeLibs work[2] is dispatched.
[2026-08-17T09:58:00.982] [DEBUG] debug-file - A work dispatched to worker[7] failed because unable to get work from ready queue.
[2026-08-17T09:58:01.004] [DEBUG] debug-file - entry : default@CacheNativeLibs cost memory 0.15737152099609375
[2026-08-17T09:58:00.982] [DEBUG] debug-file - A work dispatched to worker[6] failed because unable to get work from ready queue.
[2026-08-17T09:58:00.982] [DEBUG] debug-file - A work dispatched to worker[5] failed because unable to get work from ready queue.
[2026-08-17T09:58:00.982] [DEBUG] debug-file - Create  resident worker with id: 4.
[2026-08-17T09:58:00.984] [DEBUG] debug-file - default@CompileArkTS work[1] has been dispatched to worker[4].
[2026-08-17T09:58:00.984] [DEBUG] debug-file - default@CompileArkTS work[1] is dispatched.
[2026-08-17T09:58:00.984] [DEBUG] debug-file - entry : default@CompileArkTS cost memory 1.3243255615234375
[2026-08-17T09:58:01.091] [DEBUG] debug-file - current process  memoryUsage: {
  rss: 357138432,
  heapTotal: 81035264,
  heapUsed: 50898648,
  external: 2357796,
  arrayBuffers: 116119
} os memoryUsage :13.25595474243164
[2026-08-17T09:58:01.217] [DEBUG] debug-file - worker[10] has one work done.
[2026-08-17T09:58:01.218] [DEBUG] debug-file - default@SyscapTransform work[0] done.
[2026-08-17T09:58:01.218] [DEBUG] debug-file - A work dispatched to worker[10] failed because unable to get work from ready queue.
[2026-08-17T09:58:01.219] [INFO] debug-file - Finished :entry:default@SyscapTransform... after 186 ms 
[2026-08-17T09:58:02.754] [DEBUG] debug-file - worker[9] has one work done.
[2026-08-17T09:58:02.754] [DEBUG] debug-file - default@CacheNativeLibs work[2] done.
[2026-08-17T09:58:02.754] [DEBUG] debug-file - A work dispatched to worker[9] failed because unable to get work from ready queue.
[2026-08-17T09:58:02.755] [INFO] debug-file - Finished :entry:default@CacheNativeLibs... after 22 ms 
[2026-08-17T09:58:42.456] [DEBUG] debug-file - worker[4] has one work done.
[2026-08-17T09:58:42.458] [DEBUG] debug-file - Ark compile task finished.finished time is 3270562588900
[2026-08-17T09:58:42.459] [DEBUG] debug-file - default@CompileArkTS work[1] done.
[2026-08-17T09:58:42.460] [DEBUG] debug-file - A work dispatched to worker[4] failed because unable to get work from ready queue.
[2026-08-17T09:58:42.464] [INFO] debug-file - Finished :entry:default@CompileArkTS... after 37 s 891 ms 
[2026-08-17T09:58:42.466] [DEBUG] debug-file - Executing task :entry:default@GeneratePkgModuleJson
[2026-08-17T09:58:42.467] [DEBUG] debug-file - File: 'C:\Users\chens\DevEcoStudioProjects\StudyOralCoach\entry\build\default\intermediates\preload\default\preload.json' from 'preloadSoJsonPath' is not exists, just ignore.
[2026-08-17T09:58:42.486] [DEBUG] debug-file - Executing task :entry:default@PackageHap
[2026-08-17T09:58:42.468] [DEBUG] debug-file - Error occurs while handling @Input 'shouldDeduplicateHar': The "data" argument must be of type string or an instance of Buffer, TypedArray, or DataView. Received undefined
[2026-08-17T09:58:42.499] [DEBUG] debug-file - default@PackageHap work[3] is submitted.
[2026-08-17T09:58:42.496] [DEBUG] debug-file - Use tool [C:\Users\chens\setup-ohos-sdk\windows\20\toolchains\lib\app_packing_tool.jar]
 [
  'java',
  '-Dfile.encoding=GBK',
  '-jar',
  'C:\\Users\\chens\\setup-ohos-sdk\\windows\\20\\toolchains\\lib\\app_packing_tool.jar',
  '--mode',
  'hap',
  '--force',
  'true',
  '--lib-path',
  'C:\\Users\\chens\\DevEcoStudioProjects\\StudyOralCoach\\entry\\build\\default\\intermediates\\stripped_native_libs\\default',
  '--json-path',
  'C:\\Users\\chens\\DevEcoStudioProjects\\StudyOralCoach\\entry\\build\\default\\intermediates\\package\\default\\module.json',
  '--resources-path',
  'C:\\Users\\chens\\DevEcoStudioProjects\\StudyOralCoach\\entry\\build\\default\\intermediates\\res\\default\\resources',
  '--index-path',
  'C:\\Users\\chens\\DevEcoStudioProjects\\StudyOralCoach\\entry\\build\\default\\intermediates\\res\\default\\resources.index',
  '--pack-info-path',
  'C:\\Users\\chens\\DevEcoStudioProjects\\StudyOralCoach\\entry\\build\\default\\outputs\\default\\pack.info',
  '--out-path',
  'C:\\Users\\chens\\DevEcoStudioProjects\\StudyOralCoach\\entry\\build\\default\\outputs\\default\\entry-default-unsigned.hap',
  '--rpcid-path',
  'C:\\Users\\chens\\DevEcoStudioProjects\\StudyOralCoach\\entry\\build\\default\\intermediates\\syscap\\default\\rpcid.sc',
  '--ets-path',
  'C:\\Users\\chens\\DevEcoStudioProjects\\StudyOralCoach\\entry\\build\\default\\intermediates\\loader_out\\default\\ets',
  '--pkg-sdk-info-path',
  'C:\\Users\\chens\\DevEcoStudioProjects\\StudyOralCoach\\entry\\build\\default\\intermediates\\loader\\default\\pkgSdkInfo.json'
]
[2026-08-17T09:58:42.468] [DEBUG] debug-file - Task 'entry:default@GeneratePkgModuleJson' cost while wrapping incremental declarations: 2 ms 
[2026-08-17T09:58:42.499] [DEBUG] debug-file - default@PackageHap work[3] is pushed to ready queue.
[2026-08-17T09:58:42.473] [DEBUG] debug-file - entry : default@GeneratePkgModuleJson cost memory 0.15599822998046875
[2026-08-17T09:58:42.499] [DEBUG] debug-file - A work dispatched to worker[11] failed because unable to get work from ready queue.
[2026-08-17T09:58:42.474] [DEBUG] debug-file - runTaskFromQueue task cost before running: 1 min 21 s 585 ms 
[2026-08-17T09:58:42.499] [DEBUG] debug-file - default@PackageHap work[3] has been dispatched to worker[10].
[2026-08-17T09:58:42.474] [INFO] debug-file - Finished :entry:default@GeneratePkgModuleJson... after 8 ms 
[2026-08-17T09:58:42.500] [DEBUG] debug-file - default@PackageHap work[3] is dispatched.
[2026-08-17T09:58:42.476] [DEBUG] debug-file - Executing task :entry:default@ProcessCompiledResources
[2026-08-17T09:58:42.505] [DEBUG] debug-file - entry : default@PackageHap cost memory -0.444732666015625
[2026-08-17T09:58:42.476] [DEBUG] debug-file - File: 'C:\Users\chens\DevEcoStudioProjects\StudyOralCoach\entry\build\default\intermediates\preload\default\preload.json' from 'preloadSoJsonPath' is not exists, just ignore.
[2026-08-17T09:58:42.476] [DEBUG] debug-file - Task 'entry:default@ProcessCompiledResources' cost while wrapping incremental declarations: 1 ms 
[2026-08-17T09:58:42.477] [DEBUG] debug-file - entry : default@ProcessCompiledResources cost memory 0.049041748046875
[2026-08-17T09:58:42.477] [DEBUG] debug-file - runTaskFromQueue task cost before running: 1 min 21 s 589 ms 
[2026-08-17T09:58:42.478] [INFO] debug-file - Finished :entry:default@ProcessCompiledResources... after 2 ms 
[2026-08-17T09:58:42.502] [DEBUG] debug-file - current process  memoryUsage: {
  rss: 640802816,
  heapTotal: 48529408,
  heapUsed: 45388816,
  external: 2267460,
  arrayBuffers: 24810
} os memoryUsage :13.206584930419922
[2026-08-17T09:58:43.359] [WARN] debug-file - 2026/08/17 09:58:42.931 - Ohos BundleTool [Warning]: --pkg-sdk-info-path is invalid!

[2026-08-17T09:58:43.360] [DEBUG] debug-file - worker[10] has one work done.
[2026-08-17T09:58:43.361] [DEBUG] debug-file - default@PackageHap work[3] done.
[2026-08-17T09:58:43.365] [DEBUG] debug-file - Executing task :entry:default@PackingCheck
[2026-08-17T09:58:43.383] [DEBUG] debug-file - Executing task :entry:default@SignHap
[2026-08-17T09:58:43.388] [DEBUG] debug-file - Executing task :entry:default@CollectDebugSymbol
[2026-08-17T09:58:43.361] [DEBUG] debug-file - A work dispatched to worker[10] failed because unable to get work from ready queue.
[2026-08-17T09:58:43.379] [DEBUG] debug-file - entry : default@PackingCheck cost memory -0.08519744873046875
[2026-08-17T09:58:43.383] [WARN] debug-file - Will skip sign 'hap'. No signingConfigs profile is configured in current project.
             If needed, configure the signingConfigs in C:\Users\chens\DevEcoStudioProjects\StudyOralCoach\build-profile.json5.
[2026-08-17T09:58:43.390] [DEBUG] debug-file - entry : default@CollectDebugSymbol cost memory 0.09679412841796875
[2026-08-17T09:58:43.362] [INFO] debug-file - Finished :entry:default@PackageHap... after 874 ms 
[2026-08-17T09:58:43.380] [DEBUG] debug-file - runTaskFromQueue task cost before running: 1 min 22 s 491 ms 
[2026-08-17T09:58:43.385] [DEBUG] debug-file - entry : default@SignHap cost memory 0.05078887939453125
[2026-08-17T09:58:43.390] [DEBUG] debug-file - runTaskFromQueue task cost before running: 1 min 22 s 501 ms 
[2026-08-17T09:58:43.380] [INFO] debug-file - Finished :entry:default@PackingCheck... after 15 ms 
[2026-08-17T09:58:43.385] [DEBUG] debug-file - runTaskFromQueue task cost before running: 1 min 22 s 496 ms 
[2026-08-17T09:58:43.390] [INFO] debug-file - Finished :entry:default@CollectDebugSymbol... after 2 ms 
[2026-08-17T09:58:43.386] [INFO] debug-file - Finished :entry:default@SignHap... after 3 ms 
[2026-08-17T09:58:43.390] [DEBUG] debug-file - Executing task :entry:assembleHap
[2026-08-17T09:58:43.391] [DEBUG] debug-file - entry : assembleHap cost memory 0.01038360595703125
[2026-08-17T09:58:43.391] [DEBUG] debug-file - runTaskFromQueue task cost before running: 1 min 22 s 502 ms 
[2026-08-17T09:58:43.391] [INFO] debug-file - Finished :entry:assembleHap... after 1 ms 
[2026-08-17T09:58:43.400] [INFO] debug-file - BUILD SUCCESSFUL in 1 min 22 s 511 ms 
[2026-08-17T09:58:43.402] [DEBUG] debug-file - Update task entry:default@PreBuild input file:C:\Users\chens\DevEcoStudioProjects\StudyOralCoach\AppScope\app.json5 cache by regenerate.
[2026-08-17T09:58:43.404] [DEBUG] debug-file - Update task entry:default@PreBuild input file:C:\Users\chens\DevEcoStudioProjects\StudyOralCoach\entry\src\main\module.json5 cache by regenerate.
[2026-08-17T09:58:43.405] [DEBUG] debug-file - Update task entry:default@PreBuild input file:C:\Users\chens\DevEcoStudioProjects\StudyOralCoach\build-profile.json5 cache by regenerate.
[2026-08-17T09:58:43.405] [DEBUG] debug-file - Update task entry:default@PreBuild input file:C:\Users\chens\DevEcoStudioProjects\StudyOralCoach\entry\build-profile.json5 cache by regenerate.
[2026-08-17T09:58:43.405] [DEBUG] debug-file - Update task entry:default@PreBuild input file:C:\Users\chens\DevEcoStudioProjects\StudyOralCoach\entry\src\main\resources\base\profile\main_pages.json cache by regenerate.
[2026-08-17T09:58:43.406] [DEBUG] debug-file - Update task entry:default@PreBuild input file:C:\Users\chens\DevEcoStudioProjects\StudyOralCoach\hvigor\hvigor-config.json5 cache by regenerate.
[2026-08-17T09:58:43.406] [DEBUG] debug-file - Update task entry:default@PreBuild input file:C:\Users\chens\DevEcoStudioProjects\StudyOralCoach\entry\src\mock\mock-config.json5 cache by regenerate.
[2026-08-17T09:58:43.406] [DEBUG] debug-file - Update task entry:default@PreBuild input file:C:\Users\chens\DevEcoStudioProjects\StudyOralCoach\entry\oh-package.json5 cache by regenerate.
[2026-08-17T09:58:43.407] [DEBUG] debug-file - Update task entry:default@PreBuild input file:C:\Users\chens\DevEcoStudioProjects\StudyOralCoach\oh-package.json5 cache by regenerate.
[2026-08-17T09:58:43.407] [DEBUG] debug-file - Incremental task entry:default@PreBuild post-execution cost:7 ms .
[2026-08-17T09:58:43.407] [DEBUG] debug-file - Update task entry:default@CreateModuleInfo output file:C:\Users\chens\DevEcoStudioProjects\StudyOralCoach\entry\build\default\generated\profile\default\ModuleInfo.ts cache.
[2026-08-17T09:58:43.408] [DEBUG] debug-file - Incremental task entry:default@CreateModuleInfo post-execution cost:1 ms .
[2026-08-17T09:58:43.408] [DEBUG] debug-file - Update task entry:default@GenerateMetadata input file:C:\Users\chens\DevEcoStudioProjects\StudyOralCoach\entry\src\main\module.json5 cache by regenerate.
[2026-08-17T09:58:43.408] [DEBUG] debug-file - Update task entry:default@GenerateMetadata output file:C:\Users\chens\DevEcoStudioProjects\StudyOralCoach\entry\build\default\intermediates\hap_metadata\default\output_metadata.json cache.
[2026-08-17T09:58:43.409] [DEBUG] debug-file - Incremental task entry:default@GenerateMetadata post-execution cost:1 ms .
[2026-08-17T09:58:43.409] [DEBUG] debug-file - Update task entry:default@MergeProfile input file:C:\Users\chens\DevEcoStudioProjects\StudyOralCoach\AppScope\app.json5 cache by regenerate.
[2026-08-17T09:58:43.409] [DEBUG] debug-file - Update task entry:default@MergeProfile input file:C:\Users\chens\DevEcoStudioProjects\StudyOralCoach\build-profile.json5 cache by regenerate.
[2026-08-17T09:58:43.409] [DEBUG] debug-file - Update task entry:default@MergeProfile input file:C:\Users\chens\DevEcoStudioProjects\StudyOralCoach\entry\src\main\module.json5 cache by regenerate.
[2026-08-17T09:58:43.409] [DEBUG] debug-file - Update task entry:default@MergeProfile output file:C:\Users\chens\DevEcoStudioProjects\StudyOralCoach\entry\build\default\intermediates\merge_profile\default\module.json cache.
[2026-08-17T09:58:43.410] [DEBUG] debug-file - Incremental task entry:default@MergeProfile post-execution cost:2 ms .
[2026-08-17T09:58:43.410] [DEBUG] debug-file - Update task entry:default@CreateBuildProfile input file:C:\Users\chens\DevEcoStudioProjects\StudyOralCoach\AppScope\app.json5 cache by regenerate.
[2026-08-17T09:58:43.410] [DEBUG] debug-file - Update task entry:default@CreateBuildProfile input file:C:\Users\chens\DevEcoStudioProjects\StudyOralCoach\build-profile.json5 cache by regenerate.
[2026-08-17T09:58:43.410] [DEBUG] debug-file - Update task entry:default@CreateBuildProfile output file:C:\Users\chens\DevEcoStudioProjects\StudyOralCoach\entry\build\default\generated\profile\default\BuildProfile.ets cache.
[2026-08-17T09:58:43.410] [DEBUG] debug-file - Incremental task entry:default@CreateBuildProfile post-execution cost:1 ms .
[2026-08-17T09:58:43.411] [DEBUG] debug-file - Update task entry:default@GeneratePkgContextInfo output file:C:\Users\chens\DevEcoStudioProjects\StudyOralCoach\entry\build\default\intermediates\loader\default\pkgContextInfo.json cache.
[2026-08-17T09:58:43.411] [DEBUG] debug-file - Incremental task entry:default@GeneratePkgContextInfo post-execution cost:1 ms .
[2026-08-17T09:58:43.411] [DEBUG] debug-file - Update task entry:default@GeneratePkgSdkInfo output file:C:\Users\chens\DevEcoStudioProjects\StudyOralCoach\entry\build\default\intermediates\loader\default\pkgSdkInfo.json cache.
[2026-08-17T09:58:43.411] [DEBUG] debug-file - Incremental task entry:default@GeneratePkgSdkInfo post-execution cost:1 ms .
[2026-08-17T09:58:43.411] [DEBUG] debug-file - Update task entry:default@ProcessIntegratedHsp output file:C:\Users\chens\DevEcoStudioProjects\StudyOralCoach\build\cache\default\integrated_hsp\integratedHspCache.json cache.
[2026-08-17T09:58:43.411] [DEBUG] debug-file - Incremental task entry:default@ProcessIntegratedHsp post-execution cost:1 ms .
[2026-08-17T09:58:43.412] [DEBUG] debug-file - Update task entry:default@MakePackInfo input file:C:\Users\chens\DevEcoStudioProjects\StudyOralCoach\AppScope\app.json5 cache by regenerate.
[2026-08-17T09:58:43.412] [DEBUG] debug-file - Update task entry:default@MakePackInfo input file:C:\Users\chens\DevEcoStudioProjects\StudyOralCoach\entry\src\main\module.json5 cache by regenerate.
[2026-08-17T09:58:43.412] [DEBUG] debug-file - Update task entry:default@MakePackInfo input file:C:\Users\chens\DevEcoStudioProjects\StudyOralCoach\build-profile.json5 cache by regenerate.
[2026-08-17T09:58:43.412] [DEBUG] debug-file - Update task entry:default@MakePackInfo input file:C:\Users\chens\DevEcoStudioProjects\StudyOralCoach\entry\src\main\resources\base\profile\backup_config.json cache by regenerate.
[2026-08-17T09:58:43.413] [DEBUG] debug-file - Update task entry:default@MakePackInfo output file:C:\Users\chens\DevEcoStudioProjects\StudyOralCoach\entry\build\default\outputs\default\pack.info cache.
[2026-08-17T09:58:43.413] [DEBUG] debug-file - Incremental task entry:default@MakePackInfo post-execution cost:2 ms .
[2026-08-17T09:58:43.413] [DEBUG] debug-file - Update task entry:default@SyscapTransform input file:C:\Users\chens\setup-ohos-sdk\windows\20\toolchains\syscap_tool.exe cache by regenerate.
[2026-08-17T09:58:43.413] [DEBUG] debug-file - Update task entry:default@SyscapTransform input file:C:\Users\chens\setup-ohos-sdk\windows\20\ets\api\device-define cache by regenerate.
[2026-08-17T09:58:43.415] [DEBUG] debug-file - Update task entry:default@SyscapTransform output file:C:\Users\chens\DevEcoStudioProjects\StudyOralCoach\entry\build\default\intermediates\syscap\default\rpcid.sc cache.
[2026-08-17T09:58:43.416] [DEBUG] debug-file - Incremental task entry:default@SyscapTransform post-execution cost:3 ms .
[2026-08-17T09:58:43.416] [DEBUG] debug-file - Update task entry:default@ProcessProfile input file:C:\Users\chens\DevEcoStudioProjects\StudyOralCoach\entry\build\default\intermediates\merge_profile\default\module.json cache by regenerate.
[2026-08-17T09:58:43.417] [DEBUG] debug-file - Update task entry:default@ProcessProfile output file:C:\Users\chens\DevEcoStudioProjects\StudyOralCoach\entry\build\default\intermediates\process_profile\default\module.json cache.
[2026-08-17T09:58:43.417] [DEBUG] debug-file - Incremental task entry:default@ProcessProfile post-execution cost:1 ms .
[2026-08-17T09:58:43.417] [DEBUG] debug-file - Update task entry:default@ProcessRouterMap input file:C:\Users\chens\DevEcoStudioProjects\StudyOralCoach\entry\oh-package.json5 cache by regenerate.
[2026-08-17T09:58:43.418] [DEBUG] debug-file - Update task entry:default@ProcessRouterMap input file:C:\Users\chens\DevEcoStudioProjects\StudyOralCoach\oh-package.json5 cache by regenerate.
[2026-08-17T09:58:43.418] [DEBUG] debug-file - Update task entry:default@ProcessRouterMap input file:C:\Users\chens\DevEcoStudioProjects\StudyOralCoach\entry\src\main\module.json5 cache by regenerate.
[2026-08-17T09:58:43.418] [DEBUG] debug-file - Update task entry:default@ProcessRouterMap output file:C:\Users\chens\DevEcoStudioProjects\StudyOralCoach\entry\build\default\intermediates\router_map\default\temp-router-map.json cache.
[2026-08-17T09:58:43.418] [DEBUG] debug-file - Update task entry:default@ProcessRouterMap output file:C:\Users\chens\DevEcoStudioProjects\StudyOralCoach\entry\build\default\intermediates\router_map\default\loader-router-map.json cache.
[2026-08-17T09:58:43.419] [DEBUG] debug-file - Incremental task entry:default@ProcessRouterMap post-execution cost:2 ms .
[2026-08-17T09:58:43.419] [DEBUG] debug-file - Update task entry:default@ProcessShareConfig input file:C:\Users\chens\DevEcoStudioProjects\StudyOralCoach\entry\oh-package.json5 cache by regenerate.
[2026-08-17T09:58:43.419] [DEBUG] debug-file - Update task entry:default@ProcessShareConfig input file:C:\Users\chens\DevEcoStudioProjects\StudyOralCoach\oh-package.json5 cache by regenerate.
[2026-08-17T09:58:43.419] [DEBUG] debug-file - Update task entry:default@ProcessShareConfig input file:C:\Users\chens\DevEcoStudioProjects\StudyOralCoach\entry\src\main\module.json5 cache by regenerate.
[2026-08-17T09:58:43.420] [DEBUG] debug-file - Update task entry:default@ProcessShareConfig output file:C:\Users\chens\DevEcoStudioProjects\StudyOralCoach\entry\build\default\intermediates\share_config\default\temp-share-config.json cache.
[2026-08-17T09:58:43.420] [DEBUG] debug-file - Incremental task entry:default@ProcessShareConfig post-execution cost:2 ms .
[2026-08-17T09:58:43.420] [DEBUG] debug-file - Update task entry:default@ProcessStartupConfig output file:C:\Users\chens\DevEcoStudioProjects\StudyOralCoach\entry\build\default\intermediates\startup\default\startup_config.json cache.
[2026-08-17T09:58:43.420] [DEBUG] debug-file - Incremental task entry:default@ProcessStartupConfig post-execution cost:1 ms .
[2026-08-17T09:58:43.420] [DEBUG] debug-file - Update task entry:default@ProcessResource output file:C:\Users\chens\DevEcoStudioProjects\StudyOralCoach\entry\build\default\intermediates\res\default\resConfig.json cache.
[2026-08-17T09:58:43.421] [DEBUG] debug-file - Update task entry:default@ProcessResource output file:C:\Users\chens\DevEcoStudioProjects\StudyOralCoach\entry\build\default\intermediates\res\default\opt-compression.json cache.
[2026-08-17T09:58:43.421] [DEBUG] debug-file - Incremental task entry:default@ProcessResource post-execution cost:1 ms .
[2026-08-17T09:58:43.422] [DEBUG] debug-file - Update task entry:default@GenerateLoaderJson input file:C:\Users\chens\DevEcoStudioProjects\StudyOralCoach\entry\src\mock\mock-config.json5 cache by regenerate.
[2026-08-17T09:58:43.422] [DEBUG] debug-file - Update task entry:default@GenerateLoaderJson input file:C:\Users\chens\DevEcoStudioProjects\StudyOralCoach\entry\build\default\intermediates\router_map\default\temp-router-map.json cache by regenerate.
[2026-08-17T09:58:43.422] [DEBUG] debug-file - Update task entry:default@GenerateLoaderJson output file:C:\Users\chens\DevEcoStudioProjects\StudyOralCoach\entry\build\default\intermediates\loader\default\loader.json cache.
[2026-08-17T09:58:43.424] [DEBUG] debug-file - Incremental task entry:default@GenerateLoaderJson post-execution cost:3 ms .
[2026-08-17T09:58:43.424] [DEBUG] debug-file - Update task entry:default@ProcessLibs input file:C:\Users\chens\DevEcoStudioProjects\StudyOralCoach\build-profile.json5 cache by regenerate.
[2026-08-17T09:58:43.424] [DEBUG] debug-file - Update task entry:default@ProcessLibs input file:C:\Users\chens\DevEcoStudioProjects\StudyOralCoach\entry\build-profile.json5 cache by regenerate.
[2026-08-17T09:58:43.424] [DEBUG] debug-file - Update task entry:default@ProcessLibs output file:C:\Users\chens\DevEcoStudioProjects\StudyOralCoach\entry\build\default\intermediates\libs\default cache.
[2026-08-17T09:58:43.425] [DEBUG] debug-file - Incremental task entry:default@ProcessLibs post-execution cost:2 ms .
[2026-08-17T09:58:43.426] [DEBUG] debug-file - Update task entry:default@CompileResource input file:C:\Users\chens\DevEcoStudioProjects\StudyOralCoach\entry\src\main\resources cache by regenerate.
[2026-08-17T09:58:43.429] [DEBUG] debug-file - Update task entry:default@CompileResource input file:C:\Users\chens\DevEcoStudioProjects\StudyOralCoach\AppScope\resources cache by regenerate.
[2026-08-17T09:58:43.431] [DEBUG] debug-file - Update task entry:default@CompileResource input file:C:\Users\chens\DevEcoStudioProjects\StudyOralCoach\entry\build\default\intermediates\process_profile\default\module.json cache by regenerate.
[2026-08-17T09:58:43.431] [DEBUG] debug-file - Update task entry:default@CompileResource input file:C:\Users\chens\DevEcoStudioProjects\StudyOralCoach\entry\build\default\intermediates\res\default\resConfig.json cache by regenerate.
[2026-08-17T09:58:43.431] [DEBUG] debug-file - Update task entry:default@CompileResource output file:C:\Users\chens\DevEcoStudioProjects\StudyOralCoach\entry\build\default\intermediates\res\default cache.
[2026-08-17T09:58:43.435] [DEBUG] debug-file - Update task entry:default@CompileResource output file:C:\Users\chens\DevEcoStudioProjects\StudyOralCoach\entry\build\default\generated\r\default\ResourceTable.h cache.
[2026-08-17T09:58:43.435] [DEBUG] debug-file - Update task entry:default@CompileResource output file:C:\Users\chens\DevEcoStudioProjects\StudyOralCoach\entry\build\default\generated\r\default\ResourceTable.ts cache.
[2026-08-17T09:58:43.436] [DEBUG] debug-file - Update task entry:default@CompileResource output file:C:\Users\chens\DevEcoStudioProjects\StudyOralCoach\entry\build\default\generated\r\default cache.
[2026-08-17T09:58:43.436] [DEBUG] debug-file - Incremental task entry:default@CompileResource post-execution cost:12 ms .
[2026-08-17T09:58:43.436] [DEBUG] debug-file - Update task entry:default@DoNativeStrip input file:C:\Users\chens\DevEcoStudioProjects\StudyOralCoach\entry\build\default\intermediates\libs\default cache by regenerate.
[2026-08-17T09:58:43.436] [DEBUG] debug-file - Update task entry:default@DoNativeStrip output file:C:\Users\chens\DevEcoStudioProjects\StudyOralCoach\entry\build\default\intermediates\stripped_native_libs\default cache.
[2026-08-17T09:58:43.437] [DEBUG] debug-file - Incremental task entry:default@DoNativeStrip post-execution cost:1 ms .
[2026-08-17T09:58:43.439] [DEBUG] debug-file - Update task entry:default@CompileArkTS input file:C:\Users\chens\DevEcoStudioProjects\StudyOralCoach\entry\build\default\intermediates\loader\default cache by regenerate.
[2026-08-17T09:58:43.439] [DEBUG] debug-file - Update task entry:default@CompileArkTS input file:C:\Users\chens\DevEcoStudioProjects\StudyOralCoach\entry\build\default\intermediates\res\default\ResourceTable.txt cache by regenerate.
[2026-08-17T09:58:43.440] [DEBUG] debug-file - Update task entry:default@CompileArkTS input file:C:\Users\chens\DevEcoStudioProjects\StudyOralCoach\entry\build\default\intermediates\res\default\ark_module.json cache by regenerate.
[2026-08-17T09:58:43.440] [DEBUG] debug-file - Update task entry:default@CompileArkTS input file:C:\Users\chens\DevEcoStudioProjects\StudyOralCoach\entry\build\default\intermediates\res\default\resources\base\profile cache by regenerate.
[2026-08-17T09:58:43.440] [DEBUG] debug-file - Update task entry:default@CompileArkTS input file:C:\Users\chens\DevEcoStudioProjects\StudyOralCoach\entry\src\main\ets cache by regenerate.
[2026-08-17T09:58:43.443] [DEBUG] debug-file - Update task entry:default@CompileArkTS input file:C:\Users\chens\DevEcoStudioProjects\StudyOralCoach\entry\build\default\generated\profile\default\BuildProfile.ets cache by regenerate.
[2026-08-17T09:58:43.443] [DEBUG] debug-file - Update task entry:default@CompileArkTS input file:C:\Users\chens\DevEcoStudioProjects\StudyOralCoach\entry\src\mock\mock-config.json5 cache by regenerate.
[2026-08-17T09:58:43.443] [DEBUG] debug-file - Update task entry:default@CompileArkTS output file:C:\Users\chens\DevEcoStudioProjects\StudyOralCoach\entry\build\default\intermediates\loader_out\default\ets cache.
[2026-08-17T09:58:43.444] [DEBUG] debug-file - Incremental task entry:default@CompileArkTS post-execution cost:7 ms .
[2026-08-17T09:58:43.445] [DEBUG] debug-file - Update task entry:default@BuildJS input file:C:\Users\chens\DevEcoStudioProjects\StudyOralCoach\entry\build\default\intermediates\loader\default cache by regenerate.
[2026-08-17T09:58:43.446] [DEBUG] debug-file - Update task entry:default@BuildJS input file:C:\Users\chens\DevEcoStudioProjects\StudyOralCoach\entry\build\default\intermediates\res\default\ResourceTable.txt cache by regenerate.
[2026-08-17T09:58:43.446] [DEBUG] debug-file - Update task entry:default@BuildJS input file:C:\Users\chens\DevEcoStudioProjects\StudyOralCoach\entry\build\default\intermediates\res\default\ark_module.json cache by regenerate.
[2026-08-17T09:58:43.446] [DEBUG] debug-file - Update task entry:default@BuildJS input file:C:\Users\chens\DevEcoStudioProjects\StudyOralCoach\entry\build\default\intermediates\res\default\resources\base\profile cache by regenerate.
[2026-08-17T09:58:43.447] [DEBUG] debug-file - Update task entry:default@BuildJS output file:C:\Users\chens\DevEcoStudioProjects\StudyOralCoach\entry\build\default\intermediates\loader_out\default\js cache.
[2026-08-17T09:58:43.447] [DEBUG] debug-file - Incremental task entry:default@BuildJS post-execution cost:3 ms .
[2026-08-17T09:58:43.447] [DEBUG] debug-file - Update task entry:default@CacheNativeLibs input file:C:\Users\chens\DevEcoStudioProjects\StudyOralCoach\entry\build\default\intermediates\stripped_native_libs\default cache by regenerate.
[2026-08-17T09:58:43.447] [DEBUG] debug-file - Update task entry:default@CacheNativeLibs input file:C:\Users\chens\DevEcoStudioProjects\StudyOralCoach\entry\build\default\intermediates\libs\default cache by regenerate.
[2026-08-17T09:58:43.447] [DEBUG] debug-file - Update task entry:default@CacheNativeLibs output file:C:\Users\chens\DevEcoStudioProjects\StudyOralCoach\entry\build\default\intermediates\patch\default\base_native_libs.json cache.
[2026-08-17T09:58:43.448] [DEBUG] debug-file - Update task entry:default@CacheNativeLibs output file:C:\Users\chens\DevEcoStudioProjects\StudyOralCoach\entry\build\default\intermediates\patch\default\binxo_native_libs.json cache.
[2026-08-17T09:58:43.448] [DEBUG] debug-file - Incremental task entry:default@CacheNativeLibs post-execution cost:1 ms .
[2026-08-17T09:58:43.448] [DEBUG] debug-file - Update task entry:default@GeneratePkgModuleJson input file:C:\Users\chens\DevEcoStudioProjects\StudyOralCoach\entry\build\default\intermediates\res\default\module.json cache by regenerate.
[2026-08-17T09:58:43.448] [DEBUG] debug-file - Update task entry:default@GeneratePkgModuleJson output file:C:\Users\chens\DevEcoStudioProjects\StudyOralCoach\entry\build\default\intermediates\package\default\module.json cache.
[2026-08-17T09:58:43.448] [DEBUG] debug-file - Incremental task entry:default@GeneratePkgModuleJson post-execution cost:1 ms .
[2026-08-17T09:58:43.448] [DEBUG] debug-file - Incremental task entry:default@ProcessCompiledResources post-execution cost:1 ms .
[2026-08-17T09:58:43.449] [DEBUG] debug-file - Update task entry:default@PackageHap input file:C:\Users\chens\DevEcoStudioProjects\StudyOralCoach\entry\build\default\intermediates\stripped_native_libs\default cache by regenerate.
[2026-08-17T09:58:43.449] [DEBUG] debug-file - Update task entry:default@PackageHap input file:C:\Users\chens\DevEcoStudioProjects\StudyOralCoach\entry\build\default\intermediates\res\default\module.json cache by regenerate.
[2026-08-17T09:58:43.450] [DEBUG] debug-file - Update task entry:default@PackageHap input file:C:\Users\chens\DevEcoStudioProjects\StudyOralCoach\entry\build\default\intermediates\res\default\resources cache by regenerate.
[2026-08-17T09:58:43.452] [DEBUG] debug-file - Update task entry:default@PackageHap input file:C:\Users\chens\DevEcoStudioProjects\StudyOralCoach\entry\build\default\intermediates\res\default\resources.index cache by regenerate.
[2026-08-17T09:58:43.452] [DEBUG] debug-file - Update task entry:default@PackageHap input file:C:\Users\chens\DevEcoStudioProjects\StudyOralCoach\entry\build\default\outputs\default\pack.info cache by regenerate.
[2026-08-17T09:58:43.452] [DEBUG] debug-file - Update task entry:default@PackageHap input file:C:\Users\chens\DevEcoStudioProjects\StudyOralCoach\entry\build\default\intermediates\syscap\default\rpcid.sc cache by regenerate.
[2026-08-17T09:58:43.452] [DEBUG] debug-file - Update task entry:default@PackageHap input file:C:\Users\chens\DevEcoStudioProjects\StudyOralCoach\entry\build\default\intermediates\loader_out\default\ets cache by regenerate.
[2026-08-17T09:58:43.453] [DEBUG] debug-file - Update task entry:default@PackageHap input file:C:\Users\chens\DevEcoStudioProjects\StudyOralCoach\entry\build\default\intermediates\loader\default\pkgSdkInfo.json cache by regenerate.
[2026-08-17T09:58:43.453] [DEBUG] debug-file - Update task entry:default@PackageHap input file:C:\Users\chens\DevEcoStudioProjects\StudyOralCoach\entry\build\default\intermediates\loader_out\default\ets\sourceMaps.map cache by regenerate.
[2026-08-17T09:58:43.453] [DEBUG] debug-file - Update task entry:default@PackageHap input file:C:\Users\chens\DevEcoStudioProjects\StudyOralCoach\entry\build\default\generated\profile\default\BuildProfile.ets cache by regenerate.
[2026-08-17T09:58:43.453] [DEBUG] debug-file - Update task entry:default@PackageHap output file:C:\Users\chens\DevEcoStudioProjects\StudyOralCoach\entry\build\default\outputs\default\entry-default-unsigned.hap cache.
[2026-08-17T09:58:43.454] [DEBUG] debug-file - Update task entry:default@PackageHap output file:C:\Users\chens\DevEcoStudioProjects\StudyOralCoach\entry\build\default\intermediates\source_map\default\sourceMaps.map cache.
[2026-08-17T09:58:43.454] [DEBUG] debug-file - Update task entry:default@PackageHap output file:C:\Users\chens\DevEcoStudioProjects\StudyOralCoach\entry\build\default\outputs\default\mapping\sourceMaps.map cache.
[2026-08-17T09:58:43.454] [DEBUG] debug-file - Incremental task entry:default@PackageHap post-execution cost:6 ms .
[2026-08-17T09:58:43.454] [DEBUG] debug-file - Update task entry:default@SignHap input file:C:\Users\chens\DevEcoStudioProjects\StudyOralCoach\entry\build\default\outputs\default\entry-default-unsigned.hap cache by regenerate.
[2026-08-17T09:58:43.454] [DEBUG] debug-file - Update task entry:default@SignHap output file:C:\Users\chens\DevEcoStudioProjects\StudyOralCoach\entry\build\default\outputs\default\entry-default-signed.hap cache.
[2026-08-17T09:58:43.455] [DEBUG] debug-file - Incremental task entry:default@SignHap post-execution cost:1 ms .
[2026-08-17T09:58:43.455] [DEBUG] debug-file - Update task entry:default@CollectDebugSymbol input file:C:\Users\chens\DevEcoStudioProjects\StudyOralCoach\entry\build\default\intermediates\loader_out\default\ets\sourceMaps.map cache by regenerate.
[2026-08-17T09:58:43.455] [DEBUG] debug-file - Update task entry:default@CollectDebugSymbol input file:C:\Users\chens\DevEcoStudioProjects\StudyOralCoach\entry\build\default\intermediates\libs\default cache by regenerate.
[2026-08-17T09:58:43.456] [DEBUG] debug-file - Update task entry:default@CollectDebugSymbol output file:C:\Users\chens\DevEcoStudioProjects\StudyOralCoach\entry\build\default\outputs\default\symbol cache.
[2026-08-17T09:58:43.456] [DEBUG] debug-file - Incremental task entry:default@CollectDebugSymbol post-execution cost:2 ms .
[2026-08-17T09:58:43.488] [DEBUG] debug-file - Current worker pool is stopped or closed.
[2026-08-17T09:58:43.488] [DEBUG] debug-file - Clear worker 0.
[2026-08-17T09:58:43.489] [DEBUG] debug-file - Worker 0 has been cleared.
[2026-08-17T09:58:43.489] [DEBUG] debug-file - Current idle worker size: 4.
[2026-08-17T09:58:43.489] [DEBUG] debug-file - Current busy worker size: 0.
[2026-08-17T09:58:43.489] [DEBUG] debug-file - Clear worker 1.
[2026-08-17T09:58:43.489] [DEBUG] debug-file - Worker 1 has been cleared.
[2026-08-17T09:58:43.489] [DEBUG] debug-file - Current idle worker size: 3.
[2026-08-17T09:58:43.489] [DEBUG] debug-file - Current busy worker size: 0.
[2026-08-17T09:58:43.489] [DEBUG] debug-file - Clear worker 9.
[2026-08-17T09:58:43.489] [DEBUG] debug-file - Worker 9 has been cleared.
[2026-08-17T09:58:43.489] [DEBUG] debug-file - Current idle worker size: 2.
[2026-08-17T09:58:43.489] [DEBUG] debug-file - Current busy worker size: 0.
[2026-08-17T09:58:43.489] [DEBUG] debug-file - Clear worker 4.
[2026-08-17T09:58:43.489] [DEBUG] debug-file - Worker 4 has been cleared.
[2026-08-17T09:58:43.489] [DEBUG] debug-file - Current idle worker size: 1.
[2026-08-17T09:58:43.489] [DEBUG] debug-file - Current busy worker size: 0.
[2026-08-17T09:58:43.489] [DEBUG] debug-file - Clear worker 10.
[2026-08-17T09:58:43.490] [DEBUG] debug-file - Worker 10 has been cleared.
[2026-08-17T09:58:43.490] [DEBUG] debug-file - Current idle worker size: 0.
[2026-08-17T09:58:43.490] [DEBUG] debug-file - Current busy worker size: 0.
[2026-08-17T09:58:43.492] [DEBUG] debug-file - hvigor build process will be closed.
[2026-08-17T09:58:43.497] [DEBUG] debug-file - worker[0] exits with exit code 1.
[2026-08-17T09:58:43.498] [DEBUG] debug-file - Current worker pool is terminated.
[2026-08-17T09:58:43.499] [DEBUG] debug-file - worker[1] exits with exit code 1.
[2026-08-17T09:58:43.505] [DEBUG] debug-file - worker[9] exits with exit code 1.
[2026-08-17T09:58:43.508] [DEBUG] debug-file - worker[10] exits with exit code 1.
[2026-08-17T09:58:43.557] [DEBUG] debug-file - worker[4] exits with exit code 1.
